/Users/junyaoguo/Documents/SVL_Projects/env-python2.7/lib/python2.7/site-packages/paramiko/transport.py:33: CryptographyDeprecationWarning: Python 2 is no longer supported by the Python core team. Support for it is now deprecated in cryptography, and will be removed in a future release.
  from cryptography.hazmat.backends import default_backend

#Auptimizer:10.
